2025-04-04 05:22:19.215186 - Received CBT.V508.FILE166.PDS from FILE166.XMI 
2025-04-04 05:22:19.218098 - Found $$$$NOTE.txt (text/plain) in CBT.V508.FILE166.PDS, moved to PDS/$$$$NOTE
2025-04-04 05:22:19.218238 - Found $$$#DATE.txt (text/plain) in CBT.V508.FILE166.PDS, moved to PDS/$$$#DATE
2025-04-04 05:22:19.218402 - Found $$DOC.txt (text/plain) in CBT.V508.FILE166.PDS, moved to PDS/$$DOC
2025-04-04 05:22:19.218534 - Found $$LIST.txt (text/plain) in CBT.V508.FILE166.PDS, moved to PDS/$$LIST
2025-04-04 05:22:19.218654 - Found $ALIDEF.rexx (text/plain) in CBT.V508.FILE166.PDS, moved to PDS/$ALIDEF
2025-04-04 05:22:19.218772 - Found $BLDLIST.txt (text/plain) in CBT.V508.FILE166.PDS, moved to PDS/$BLDLIST
2025-04-04 05:22:19.218998 - Found $CAL.rexx (text/plain) in CBT.V508.FILE166.PDS, moved to PDS/$CAL
2025-04-04 05:22:19.219127 - Found $CALMON.txt (text/plain) in CBT.V508.FILE166.PDS, moved to PDS/$CALMON
2025-04-04 05:22:19.219243 - Found $CATDEF.rexx (text/plain) in CBT.V508.FILE166.PDS, moved to PDS/$CATDEF
2025-04-04 05:22:19.219358 - Found $CKOUT.rexx (text/plain) in CBT.V508.FILE166.PDS, moved to PDS/$CKOUT
2025-04-04 05:22:19.219522 - Found $CMDPFX.txt (text/plain) in CBT.V508.FILE166.PDS, moved to PDS/$CMDPFX
2025-04-04 05:22:19.219637 - Found $CMDPFX#.jcl (text/plain) in CBT.V508.FILE166.PDS, moved to PDS/$CMDPFX#
2025-04-04 05:22:19.219745 - Found $CMDPFX@.jcl (text/plain) in CBT.V508.FILE166.PDS, moved to PDS/$CMDPFX@
2025-04-04 05:22:19.219878 - Found $CPU.bin (application/octet-stream) in CBT.V508.FILE166.PDS, moved to PDS/$CPU
2025-04-04 05:22:19.220006 - Found $D.rexx (text/plain) in CBT.V508.FILE166.PDS, moved to PDS/$D
2025-04-04 05:22:19.220133 - Found $DATE.rexx (text/plain) in CBT.V508.FILE166.PDS, moved to PDS/$DATE
2025-04-04 05:22:19.220244 - Found $DISC.txt (text/plain) in CBT.V508.FILE166.PDS, moved to PDS/$DISC
2025-04-04 05:22:19.220407 - Found $DO.rexx (text/plain) in CBT.V508.FILE166.PDS, moved to PDS/$DO
2025-04-04 05:22:19.220584 - Found $HISTORY.txt (text/plain) in CBT.V508.FILE166.PDS, moved to PDS/$HISTORY
2025-04-04 05:22:19.220700 - Found $IEASYS.rexx (text/plain) in CBT.V508.FILE166.PDS, moved to PDS/$IEASYS
2025-04-04 05:22:19.220825 - Found $INDEX.txt (text/plain) in CBT.V508.FILE166.PDS, moved to PDS/$INDEX
2025-04-04 05:22:19.220955 - Found $INFO.rexx (text/plain) in CBT.V508.FILE166.PDS, moved to PDS/$INFO
2025-04-04 05:22:19.221085 - Found $INFOPNL.bin (application/octet-stream) in CBT.V508.FILE166.PDS, moved to PDS/$INFOPNL
2025-04-04 05:22:19.221209 - Found $JAD.rexx (text/plain) in CBT.V508.FILE166.PDS, moved to PDS/$JAD
2025-04-04 05:22:19.221325 - Found $JAD#.txt (text/plain) in CBT.V508.FILE166.PDS, moved to PDS/$JAD#
2025-04-04 05:22:19.221441 - Found $JADJOB.bin (application/octet-stream) in CBT.V508.FILE166.PDS, moved to PDS/$JADJOB
2025-04-04 05:22:19.221562 - Found $JADMSG.txt (text/plain) in CBT.V508.FILE166.PDS, moved to PDS/$JADMSG
2025-04-04 05:22:19.221687 - Found $JADPGM.txt (text/plain) in CBT.V508.FILE166.PDS, moved to PDS/$JADPGM
2025-04-04 05:22:19.221799 - Found $JADSORT.txt (text/plain) in CBT.V508.FILE166.PDS, moved to PDS/$JADSORT
2025-04-04 05:22:19.221915 - Found $JADTBL1.txt (text/plain) in CBT.V508.FILE166.PDS, moved to PDS/$JADTBL1
2025-04-04 05:22:19.222033 - Found $JADVIEW.txt (text/plain) in CBT.V508.FILE166.PDS, moved to PDS/$JADVIEW
2025-04-04 05:22:19.222208 - Found $LLACOPY.txt (text/plain) in CBT.V508.FILE166.PDS, moved to PDS/$LLACOPY
2025-04-04 05:22:19.222332 - Found $MCOPY.rexx (text/plain) in CBT.V508.FILE166.PDS, moved to PDS/$MCOPY
2025-04-04 05:22:19.222501 - Found $MDEL.rexx (text/plain) in CBT.V508.FILE166.PDS, moved to PDS/$MDEL
2025-04-04 05:22:19.222623 - Found $MEM.bin (application/octet-stream) in CBT.V508.FILE166.PDS, moved to PDS/$MEM
2025-04-04 05:22:19.222733 - Found $MPFREP#.jcl (text/plain) in CBT.V508.FILE166.PDS, moved to PDS/$MPFREP#
2025-04-04 05:22:19.222842 - Found $MPFREP@.txt (text/plain) in CBT.V508.FILE166.PDS, moved to PDS/$MPFREP@
2025-04-04 05:22:19.222951 - Found $MPFREPL.txt (text/plain) in CBT.V508.FILE166.PDS, moved to PDS/$MPFREPL
2025-04-04 05:22:19.223107 - Found $MREN.rexx (text/plain) in CBT.V508.FILE166.PDS, moved to PDS/$MREN
2025-04-04 05:22:19.223214 - Found $PARM.rexx (text/plain) in CBT.V508.FILE166.PDS, moved to PDS/$PARM
2025-04-04 05:22:19.223333 - Found $PARM#.jcl (text/plain) in CBT.V508.FILE166.PDS, moved to PDS/$PARM#
2025-04-04 05:22:19.223461 - Found $POINT.rexx (text/plain) in CBT.V508.FILE166.PDS, moved to PDS/$POINT
2025-04-04 05:22:19.223570 - Found $Q.rexx (text/plain) in CBT.V508.FILE166.PDS, moved to PDS/$Q
2025-04-04 05:22:19.223733 - Found $RXSYMBL.txt (text/plain) in CBT.V508.FILE166.PDS, moved to PDS/$RXSYMBL
2025-04-04 05:22:19.223854 - Found $SAVE.rexx (text/plain) in CBT.V508.FILE166.PDS, moved to PDS/$SAVE
2025-04-04 05:22:19.223968 - Found $SYMSUB.rexx (text/plain) in CBT.V508.FILE166.PDS, moved to PDS/$SYMSUB
2025-04-04 05:22:19.224088 - Found $SYSINFO.rexx (text/plain) in CBT.V508.FILE166.PDS, moved to PDS/$SYSINFO
2025-04-04 05:22:19.224200 - Found $SYSPRM.rexx (text/plain) in CBT.V508.FILE166.PDS, moved to PDS/$SYSPRM
2025-04-04 05:22:19.224306 - Found $VSAMIDX.rexx (text/plain) in CBT.V508.FILE166.PDS, moved to PDS/$VSAMIDX
2025-04-04 05:22:19.224413 - Found $VSAMIXA.rexx (text/plain) in CBT.V508.FILE166.PDS, moved to PDS/$VSAMIXA
2025-04-04 05:22:19.224526 - Found $VSDOC.txt (text/plain) in CBT.V508.FILE166.PDS, moved to PDS/$VSDOC
2025-04-04 05:22:19.224649 - Found $VSIDX01.txt (text/plain) in CBT.V508.FILE166.PDS, moved to PDS/$VSIDX01
2025-04-04 05:22:19.224760 - Found $WHOHAS.rexx (text/plain) in CBT.V508.FILE166.PDS, moved to PDS/$WHOHAS
2025-04-04 05:22:19.224871 - Found $X.rexx (text/plain) in CBT.V508.FILE166.PDS, moved to PDS/$X
2025-04-04 05:22:19.224985 - Found $6.rexx (text/plain) in CBT.V508.FILE166.PDS, moved to PDS/$6
2025-04-04 05:22:19.225093 - Found $6DOC.txt (text/plain) in CBT.V508.FILE166.PDS, moved to PDS/$6DOC
2025-04-04 05:22:19.225203 - Found #LLACOPY.jcl (text/plain) in CBT.V508.FILE166.PDS, moved to PDS/#LLACOPY
2025-04-04 05:22:19.225314 - Found @DYNA.txt (text/plain) in CBT.V508.FILE166.PDS, moved to PDS/@DYNA
2025-04-04 05:22:19.225423 - Found @FILE166.txt (text/plain) in CBT.V508.FILE166.PDS, moved to PDS/@FILE166
2025-04-04 05:22:19.225530 - Found @FIND.txt (text/plain) in CBT.V508.FILE166.PDS, moved to PDS/@FIND
2025-04-04 05:22:19.225654 - Found @JADPGM.jcl (text/plain) in CBT.V508.FILE166.PDS, moved to PDS/@JADPGM
2025-04-04 05:22:19.225765 - Found @TSOINIT.txt (text/plain) in CBT.V508.FILE166.PDS, moved to PDS/@TSOINIT
2025-04-04 05:22:19.225893 - Found ASSEM.jcl (text/plain) in CBT.V508.FILE166.PDS, moved to PDS/ASSEM
2025-04-04 05:22:19.226010 - Found COMMAND.txt (text/plain) in CBT.V508.FILE166.PDS, moved to PDS/COMMAND
2025-04-04 05:22:19.226163 - Found DALLOC.txt (text/plain) in CBT.V508.FILE166.PDS, moved to PDS/DALLOC
2025-04-04 05:22:19.226271 - Found DATE.jcl (text/plain) in CBT.V508.FILE166.PDS, moved to PDS/DATE
2025-04-04 05:22:19.226380 - Found DYNALIST.txt (text/plain) in CBT.V508.FILE166.PDS, moved to PDS/DYNALIST
2025-04-04 05:22:19.226491 - Found ENQMON.txt (text/plain) in CBT.V508.FILE166.PDS, moved to PDS/ENQMON
2025-04-04 05:22:19.226599 - Found ENQMON$.txt (text/plain) in CBT.V508.FILE166.PDS, moved to PDS/ENQMON$
2025-04-04 05:22:19.226712 - Found ENQMON#.jcl (text/plain) in CBT.V508.FILE166.PDS, moved to PDS/ENQMON#
2025-04-04 05:22:19.226830 - Found EXIT.txt (text/plain) in CBT.V508.FILE166.PDS, moved to PDS/EXIT
2025-04-04 05:22:19.226942 - Found FIND.txt (text/plain) in CBT.V508.FILE166.PDS, moved to PDS/FIND
2025-04-04 05:22:19.227074 - Found IEFUTL.txt (text/plain) in CBT.V508.FILE166.PDS, moved to PDS/IEFUTL
2025-04-04 05:22:19.227188 - Found IEFUTLTB.txt (text/plain) in CBT.V508.FILE166.PDS, moved to PDS/IEFUTLTB
2025-04-04 05:22:19.227295 - Found ISRTSOA.txt (text/plain) in CBT.V508.FILE166.PDS, moved to PDS/ISRTSOA
2025-04-04 05:22:19.227418 - Found JESXIT05.txt (text/plain) in CBT.V508.FILE166.PDS, moved to PDS/JESXIT05
2025-04-04 05:22:19.227539 - Found JESX006.txt (text/plain) in CBT.V508.FILE166.PDS, moved to PDS/JESX006
2025-04-04 05:22:19.227696 - Found JSTAT.txt (text/plain) in CBT.V508.FILE166.PDS, moved to PDS/JSTAT
2025-04-04 05:22:19.227812 - Found JSTAT$.jcl (text/plain) in CBT.V508.FILE166.PDS, moved to PDS/JSTAT$
2025-04-04 05:22:19.227928 - Found JSTAT#.jcl (text/plain) in CBT.V508.FILE166.PDS, moved to PDS/JSTAT#
2025-04-04 05:22:19.228055 - Found LOCKTERM.txt (text/plain) in CBT.V508.FILE166.PDS, moved to PDS/LOCKTERM
2025-04-04 05:22:19.228178 - Found MFORM.txt (text/plain) in CBT.V508.FILE166.PDS, moved to PDS/MFORM
2025-04-04 05:22:19.228286 - Found MSIXBIT.txt (text/plain) in CBT.V508.FILE166.PDS, moved to PDS/MSIXBIT
2025-04-04 05:22:19.228394 - Found M3270.txt (text/plain) in CBT.V508.FILE166.PDS, moved to PDS/M3270
2025-04-04 05:22:19.228506 - Found SEEK.txt (text/plain) in CBT.V508.FILE166.PDS, moved to PDS/SEEK
2025-04-04 05:22:19.228634 - Found SET.txt (text/plain) in CBT.V508.FILE166.PDS, moved to PDS/SET
2025-04-04 05:22:19.228738 - Found SETMODE.txt (text/plain) in CBT.V508.FILE166.PDS, moved to PDS/SETMODE
2025-04-04 05:22:19.228859 - Found TSOINIT.txt (text/plain) in CBT.V508.FILE166.PDS, moved to PDS/TSOINIT
